Microchip MPLAB XC8 Compiler V2.45

Linker command line:

-W-3 \
  --edf=C:\Program Files\Microchip\xc8\v2.45\pic\dat\20230818022343_en.msgs \
  -cn -h+dist/default/debug\SmartHome.X.debug.sym \
  --cmf=dist/default/debug\SmartHome.X.debug.cmf -z -Q18F46K20 \
  -oC:\Users\ICT2021\AppData\Local\Temp\xcAss8o.\driver_tmp_3.o \
  --defsym=__MPLAB_BUILD=1 --fixupoverflow=error \
  -Mdist/default/debug/SmartHome.X.debug.map \
  --md=C:\Users\ICT2021\AppData\Local\Temp\xcAss8o.\driver_tmp_0.dat -E1 \
  -ver=XC8 Compiler --acfsm=1493 -ACODE=00h-0FFFFh -ACONST=00h-0FFFFh \
  -ASMALLCONST=01000h-010FFhx240 -AMEDIUMCONST=01000h-0FFFFh \
  -ACOMRAM=01h-05Fh -AABS1=00h-0F5Fh -ABIGRAM=01h-0F5Fh \
  -ARAM=060h-0FFh,0100h-01FFhx14,0F00h-0F5Fh -ABANK0=060h-0FFh \
  -ABANK1=0100h-01FFh -ABANK2=0200h-02FFh -ABANK3=0300h-03FFh \
  -ABANK4=0400h-04FFh -ABANK5=0500h-05FFh -ABANK6=0600h-06FFh \
  -ABANK7=0700h-07FFh -ABANK8=0800h-08FFh -ABANK9=0900h-09FFh \
  -ABANK10=0A00h-0AFFh -ABANK11=0B00h-0BFFh -ABANK12=0C00h-0CFFh \
  -ABANK13=0D00h-0DFFh -ABANK14=0E00h-0EFFh -ABANK15=0F00h-0F5Fh \
  -ASFR=0F60h-0FFFh -ABIGSFR=0F60h-0FFFh -ACONFIG=0300000h-030000Dh \
  -AIDLOC=0200000h-0200007h -AEEDATA=0F00000h-0F003FFh -peeprom_data=EEDATA \
  -preset_vec=00h,intcode=08h,intcodelo,powerup,init -pramtop=01000h \
  -psmallconst=SMALLCONST -pmediumconst=MEDIUMCONST -pconst=CONST \
  -AFARRAM=00h-00h \
  -prdata=COMRAM,nvrram=COMRAM,nvbit=COMRAM,rbss=COMRAM,rbit=COMRAM \
  -pfarbss=FARRAM,fardata=FARRAM,nvFARRAM=FARRAM \
  -pintsave_regs=BIGRAM,bigbss=BIGRAM,bigdata=BIGRAM -pbss=RAM \
  -pidata=CODE,irdata=CODE,ibigdata=CODE,ifardata=CODE -prparam=COMRAM \
  C:\Users\ICT2021\AppData\Local\Temp\xcAss8o.\driver_tmp_9.o \
  dist/default/debug\SmartHome.X.debug.o 

Object code version is 3.11

Machine type is 18F46K20



                Name                               Link     Load   Length Selector   Space Scale
C:\Users\ICT2021\AppData\Local\Temp\xcAss8o.\driver_tmp_9.o
                idloc                            200000   200000        8        0       5
                config                           300000   300000        E        0       4
                init                                 B6       B6        4        4       0
                reset_vec                             0        0        4        0       0
dist/default/debug\SmartHome.X.debug.o
                intcode                               8        8       AE        4       0
                idloc                            200000   200000        8        0       5
                config                           300000   300000        E        0       4
                temp                                 46       46        1        1       1
                smallconst                         1000     1000       40      800       0
                text72                             1BEA     1BEA        4      820       0
                text71                             1BE6     1BE6        4      820       0
                text70                             1998     1998       24      820       0
                text69                             16D6     16D6       66      820       0
                text68                             1A78     1A78       18      820       0
                text67                             1948     1948       2C      820       0
                text66                             191C     191C       2C      820       0
                text65                             18F0     18F0       2C      820       0
                text64                             18C4     18C4       2C      820       0
                text63                             1822     1822       42      820       0
                text62                             1BE2     1BE2        4      820       0
                text61                             1BDE     1BDE        4      820       0
                text60                             1BDA     1BDA        4      820       0
                text59                             1BB4     1BB4        6      820       0
                text58                             1BD6     1BD6        4      820       0
                text57                             1BAE     1BAE        6      820       0
                text56                             1BA0     1BA0        8      820       0
                text55                             1AD0     1AD0       14      820       0
                text54                             1BD2     1BD2        4      820       0
                text53                             1440     1440       7C      820       0
                text52                             1B1A     1B1A        C      820       0
                text51                             1AE4     1AE4       10      820       0
                text50                             1AF4     1AF4        E      820       0
                text49                             110E     110E       C4      820       0
                text48                             127A     127A       A6      820       0
                text47                             1B0E     1B0E        C      820       0
                text46                             1B98     1B98        8      820       0
                text45                             1B90     1B90        8      820       0
                text44                             1B88     1B88        8      820       0
                text43                             1B80     1B80        8      820       0
                text42                             1B78     1B78        8      820       0
                text41                             1B70     1B70        8      820       0
                text40                             1B68     1B68        8      820       0
                text39                             1B02     1B02        C      820       0
                text38                             1670     1670       66      820       0
                text37                             1BCE     1BCE        4      820       0
                text36                             1530     1530       6E      820       0
                text35                             1BA8     1BA8        6      820       0
                text33                             1BCA     1BCA        4      820       0
                text32                             1BC6     1BC6        4      820       0
                text31                             1BC2     1BC2        4      820       0
                text30                             1896     1896       2E      820       0
                text29                             1BBE     1BBE        4      820       0
                text28                             17DE     17DE       44      820       0
                text27                             1B60     1B60        8      820       0
                text26                             1BBA     1BBA        4      820       0
                text25                             19DE     19DE       22      820       0
                text24                             1B4E     1B4E        A      820       0
                text23                             1320     1320       A2      820       0
                text22                             159E     159E       6A      820       0
                text21                             1A60     1A60       18      820       0
                text20                             1974     1974       24      820       0
                text19                             1A48     1A48       18      820       0
                text18                             13C2     13C2       7E      820       0
                text17                             1A30     1A30       18      820       0
                text16                             14BC     14BC       74      820       0
                text15                             1AA6     1AA6       16      820       0
                text14                             1A18     1A18       18      820       0
                text13                             173C     173C       5E      820       0
                text12                             11D2     11D2       A8      820       0
                text11                             1608     1608       68      820       0
                text10                             1B44     1B44        A      820       0
                text9                              1B3A     1B3A        A      820       0
                text8                              1B30     1B30        A      820       0
                text7                              179A     179A       44      820       0
                text6                              1ABC     1ABC       14      820       0
                text5                              1B58     1B58        8      820       0
                text4                              1B26     1B26        A      820       0
                text3                              1864     1864       32      820       0
                text2                              1A90     1A90       16      820       0
                text1                              1A00     1A00       18      820       0
                text0                              1040     1040       CE      820       0
                cstackCOMRAM                         25       25       1B        1       1
                cstackBANK0                          84       84       14       60       1
                bssBANK0                             60       60       24       60       1
                bssCOMRAM                             1        1       24        1       1
                cinit                              19BC     19BC       22      820       0
                nvCOMRAM                             40       40        6        1       1

TOTAL           Name                               Link     Load   Length     Space
        CLASS   CODE           
                intcode                               8        8       AE         0
                init                                 B6       B6        4         0
                reset_vec                             0        0        4         0
                text72                             1BEA     1BEA        4         0
                text71                             1BE6     1BE6        4         0
                text70                             1998     1998       24         0
                text69                             16D6     16D6       66         0
                text68                             1A78     1A78       18         0
                text67                             1948     1948       2C         0
                text66                             191C     191C       2C         0
                text65                             18F0     18F0       2C         0
                text64                             18C4     18C4       2C         0
                text63                             1822     1822       42         0
                text62                             1BE2     1BE2        4         0
                text61                             1BDE     1BDE        4         0
                text60                             1BDA     1BDA        4         0
                text59                             1BB4     1BB4        6         0
                text58                             1BD6     1BD6        4         0
                text57                             1BAE     1BAE        6         0
                text56                             1BA0     1BA0        8         0
                text55                             1AD0     1AD0       14         0
                text54                             1BD2     1BD2        4         0
                text53                             1440     1440       7C         0
                text52                             1B1A     1B1A        C         0
                text51                             1AE4     1AE4       10         0
                text50                             1AF4     1AF4        E         0
                text49                             110E     110E       C4         0
                text48                             127A     127A       A6         0
                text47                             1B0E     1B0E        C         0
                text46                             1B98     1B98        8         0
                text45                             1B90     1B90        8         0
                text44                             1B88     1B88        8         0
                text43                             1B80     1B80        8         0
                text42                             1B78     1B78        8         0
                text41                             1B70     1B70        8         0
                text40                             1B68     1B68        8         0
                text39                             1B02     1B02        C         0
                text38                             1670     1670       66         0
                text37                             1BCE     1BCE        4         0
                text36                             1530     1530       6E         0
                text35                             1BA8     1BA8        6         0
                text33                             1BCA     1BCA        4         0
                text32                             1BC6     1BC6        4         0
                text31                             1BC2     1BC2        4         0
                text30                             1896     1896       2E         0
                text29                             1BBE     1BBE        4         0
                text28                             17DE     17DE       44         0
                text27                             1B60     1B60        8         0
                text26                             1BBA     1BBA        4         0
                text25                             19DE     19DE       22         0
                text24                             1B4E     1B4E        A         0
                text23                             1320     1320       A2         0
                text22                             159E     159E       6A         0
                text21                             1A60     1A60       18         0
                text20                             1974     1974       24         0
                text19                             1A48     1A48       18         0
                text18                             13C2     13C2       7E         0
                text17                             1A30     1A30       18         0
                text16                             14BC     14BC       74         0
                text15                             1AA6     1AA6       16         0
                text14                             1A18     1A18       18         0
                text13                             173C     173C       5E         0
                text12                             11D2     11D2       A8         0
                text11                             1608     1608       68         0
                text10                             1B44     1B44        A         0
                text9                              1B3A     1B3A        A         0
                text8                              1B30     1B30        A         0
                text7                              179A     179A       44         0
                text6                              1ABC     1ABC       14         0
                text5                              1B58     1B58        8         0
                text4                              1B26     1B26        A         0
                text3                              1864     1864       32         0
                text2                              1A90     1A90       16         0
                text1                              1A00     1A00       18         0
                text0                              1040     1040       CE         0
                cinit                              19BC     19BC       22         0

        CLASS   CONST          

        CLASS   SMALLCONST     
                smallconst                         1000     1000       40         0

        CLASS   MEDIUMCONST    

        CLASS   COMRAM         
                temp                                 46       46        1         1
                cstackCOMRAM                         25       25       1B         1
                bssCOMRAM                             1        1       24         1
                nvCOMRAM                             40       40        6         1

        CLASS   ABS1           

        CLASS   BIGRAM         

        CLASS   RAM            

        CLASS   BANK0          
                cstackBANK0                          84       84       14         1
                bssBANK0                             60       60       24         1

        CLASS   BANK1          

        CLASS   BANK2          

        CLASS   BANK3          

        CLASS   BANK4          

        CLASS   BANK5          

        CLASS   BANK6          

        CLASS   BANK7          

        CLASS   BANK8          

        CLASS   BANK9          

        CLASS   BANK10         

        CLASS   BANK11         

        CLASS   BANK12         

        CLASS   BANK13         

        CLASS   BANK14         

        CLASS   BANK15         

        CLASS   SFR            

        CLASS   BIGSFR         

        CLASS   CONFIG         
                config                           300000   300000        E         4

        CLASS   IDLOC          
                idloc                            200000   200000        8         5

        CLASS   EEDATA         

        CLASS   FARRAM         

        CLASS   HEAP           

        CLASS   STACK          



SEGMENTS        Name                           Load    Length   Top    Selector   Space  Class

                reset_vec                      000000  000004  000004         0       0  CODE    
                bssCOMRAM                      000001  000046  000047         1       1  COMRAM  
                intcode                        000008  0000B2  0000BA         4       0  CODE    
                bssBANK0                       000060  000038  000098        60       1  BANK0   
                smallconst                     001000  000040  001040       800       0  SMALLCON
                text0                          001040  000BAE  001BEE       820       0  CODE    


UNUSED ADDRESS RANGES

        Name                Unused          Largest block    Delta
        BANK0            000098-0000FF               68
        BANK1            000100-0001FF              100
        BANK10           000A00-000AFF              100
        BANK11           000B00-000BFF              100
        BANK12           000C00-000CFF              100
        BANK13           000D00-000DFF              100
        BANK14           000E00-000EFF              100
        BANK15           000F00-000F5F               60
        BANK2            000200-0002FF              100
        BANK3            000300-0003FF              100
        BANK4            000400-0004FF              100
        BANK5            000500-0005FF              100
        BANK6            000600-0006FF              100
        BANK7            000700-0007FF              100
        BANK8            000800-0008FF              100
        BANK9            000900-0009FF              100
        BIGRAM           000047-00005F               19
                         000098-000F5F              EC8
        BIGSFR           000F60-000FFF               A0
        CODE             000004-000007                4
                         0000BA-000FFF              F46
                         001BEE-00FFFF             E412
        COMRAM           000047-00005F               19
        CONST            000004-000007                4
                         0000BA-000FFF              F46
                         001BEE-00FFFF             E412
        EEDATA           F00000-F003FF              400
        MEDIUMCONST      001BEE-00FFFF             E412
        RAM              000098-000F5F              100
        SFR              000F60-000FFF               A0
        SMALLCONST       001BEE-00FFFF              100

                                  Symbol Table

?_RealTimeClockDS1307_Get_Date_Time               cstackBANK0  000090
EEPROM_24C02C_Read_Byte@Byte_Address              cstackBANK0  000090
EEPROM_24C02C_Read_Byte@EEPROM_Address            cstackBANK0  000091
EEPROM_24C02C_Read_Byte@RecValue                  cstackBANK0  000092
EEPROM_24C02C_Write_Byte@Byte_Address             cstackBANK0  000090
EEPROM_24C02C_Write_Byte@Data                     cstackBANK0  000091
EEPROM_24C02C_Write_Byte@EEPROM_Address           cstackBANK0  000092
EUSART_SetErrorHandler@interruptHandler           cstackBANK0  000084
EUSART_SetFramingErrorHandler@interruptHandler    cstackBANK0  000084
EUSART_SetOverrunErrorHandler@interruptHandler    cstackBANK0  000084
EUSART_Write@txData                               cstackBANK0  000084
I2C_CallbackReturnReset@funPtr                    cstackCOMRAM 00002E
I2C_Close@returnValue                             cstackBANK0  000084
I2C_MasterOperation@read                          cstackBANK0  000084
I2C_MasterOperation@returnValue                   cstackBANK0  000085
I2C_MasterSendTxData@data                         cstackCOMRAM 000025
I2C_Open@address                                  cstackBANK0  000086
I2C_Open@returnValue                              cstackBANK0  000087
I2C_Read1ByteRegister@address                     cstackBANK0  00008E
I2C_Read1ByteRegister@reg                         cstackBANK0  00008D
I2C_Read1ByteRegister@returnValue                 cstackBANK0  00008F
I2C_SetAddressNackCallback@cb                     cstackBANK0  000089
I2C_SetAddressNackCallback@ptr                    cstackBANK0  00008B
I2C_SetBuffer@buffer                              cstackBANK0  000084
I2C_SetBuffer@bufferSize                          cstackBANK0  000086
I2C_SetCallback@cb                                cstackBANK0  000084
I2C_SetCallback@idx                               cstackBANK0  000088
I2C_SetCallback@ptr                               cstackBANK0  000086
I2C_SetDataCompleteCallback@cb                    cstackBANK0  000089
I2C_SetDataCompleteCallback@ptr                   cstackBANK0  00008B
I2C_SetInterruptHandler@InterruptHandler          cstackBANK0  000084
I2C_Write1ByteRegister@address                    cstackBANK0  00008F
I2C_Write1ByteRegister@data                       cstackBANK0  00008E
I2C_Write1ByteRegister@reg                        cstackBANK0  00008D
TempSensor_TC74_Read_Temp@TC74_Address            cstackBANK0  000090
TempSensor_TC74_Read_Temp@TC74_TempValue          cstackBANK0  000091
UART_LoggingDebugData_Send_String@String          cstackBANK0  000085
UART_LoggingDebugData_Send_String@String_Length   cstackBANK0  000087
UART_LoggingDebugData_Send_String@l_String_Length cstackBANK0  000089
_ANSEL                                            (abs)        000F7E
_ANSELH                                           (abs)        000F7F
_BAUDCON                                          (abs)        000FB8
_EEADR                                            (abs)        000FA9
_EEADRH                                           (abs)        000FAA
_EECON1bits                                       (abs)        000FA6
_EECON2                                           (abs)        000FA7
_EEDATA                                           (abs)        000FA8
_EEPROM_24C02C_Read_Byte                          text17       001A30
_EEPROM_24C02C_Write_Byte                         text15       001AA6
_EUSART_DefaultErrorHandler                       (abs)        000000
_EUSART_DefaultFramingErrorHandler                (abs)        000000
_EUSART_DefaultOverrunErrorHandler                (abs)        000000
_EUSART_ErrorHandler                              nvCOMRAM     000040
_EUSART_FramingErrorHandler                       nvCOMRAM     000044
_EUSART_Initialize                                text7        00179A
_EUSART_OverrunErrorHandler                       nvCOMRAM     000042
_EUSART_SetErrorHandler                           text10       001B44
_EUSART_SetFramingErrorHandler                    text9        001B3A
_EUSART_SetOverrunErrorHandler                    text8        001B30
_EUSART_Write                                     text14       001A18
_I2C_CallbackReturnReset                          text61       001BDE
_I2C_CallbackReturnStop                           text62       001BE2
_I2C_Close                                        text30       001896
_I2C_DO_ADDRESS_NACK                              text38       001670
_I2C_DO_IDLE                                      text52       001B1A
_I2C_DO_RCEN                                      text47       001B0E
_I2C_DO_RESET                                     text39       001B02
_I2C_DO_RX                                        text48       00127A
_I2C_DO_RX_ACK                                    text42       001B78
_I2C_DO_RX_NACK_RESTART                           text40       001B68
_I2C_DO_RX_NACK_STOP                              text41       001B70
_I2C_DO_SEND_ADR_READ                             text51       001AE4
_I2C_DO_SEND_ADR_WRITE                            text50       001AF4
_I2C_DO_SEND_RESTART                              text44       001B88
_I2C_DO_SEND_RESTART_READ                         text46       001B98
_I2C_DO_SEND_RESTART_WRITE                        text45       001B90
_I2C_DO_SEND_STOP                                 text43       001B80
_I2C_DO_TX                                        text49       00110E
_I2C_DO_TX_EMPTY                                  text53       001440
_I2C_Initialize                                   text6        001ABC
_I2C_MasterClearIrq                               text33       001BCA
_I2C_MasterClose                                  text32       001BC6
_I2C_MasterDisableIrq                             text31       001BC2
_I2C_MasterEnableIrq                              text26       001BBA
_I2C_MasterEnableRestart                          text72       001BEA
_I2C_MasterFsm                                    text36       001530
_I2C_MasterGetRxData                              text58       001BD6
_I2C_MasterIsNack                                 text55       001AD0
_I2C_MasterIsr                                    text35       001BA8
_I2C_MasterOpen                                   text25       0019DE
_I2C_MasterOperation                              text28       0017DE
_I2C_MasterSendAck                                text57       001BAE
_I2C_MasterSendNack                               text59       001BB4
_I2C_MasterSendTxData                             text56       001BA0
_I2C_MasterSetIrq                                 text54       001BD2
_I2C_MasterStart                                  text29       001BBE
_I2C_MasterStartRx                                text60       001BDA
_I2C_MasterStop                                   text71       001BE6
_I2C_MasterWrite                                  text27       001B60
_I2C_Open                                         text23       001320
_I2C_Read1ByteRegister                            text18       0013C2
_I2C_SetAddressNackCallback                       text21       001A60
_I2C_SetBuffer                                    text20       001974
_I2C_SetCallback                                  text22       00159E
_I2C_SetDataCompleteCallback                      text19       001A48
_I2C_SetInterruptHandler                          text24       001B4E
_I2C_Status                                       bssBANK0     000060
_I2C_Write1ByteRegister                           text16       0014BC
_INTCON2bits                                      (abs)        000FF1
_INTCONbits                                       (abs)        000FF2
_INTERRUPT_Initialize                             text5        001B58
_INTERRUPT_InterruptManagerHigh                   intcode      000008
_IPR1bits                                         (abs)        000F9F
_IPR2bits                                         (abs)        000FA2
_LATA                                             (abs)        000F89
_LATAbits                                         (abs)        000F89
_LATB                                             (abs)        000F8A
_LATC                                             (abs)        000F8B
_LATD                                             (abs)        000F8C
_LATE                                             (abs)        000F8D
_MSSP_InterruptHandler                            bssCOMRAM    00000D
_OSCCON                                           (abs)        000FD3
_OSCILLATOR_Initialize                            text4        001B26
_OSCTUNE                                          (abs)        000F9B
_PIE1bits                                         (abs)        000F9D
_PIE2bits                                         (abs)        000FA0
_PIN_MANAGER_Initialize                           text3        001864
_PIR1bits                                         (abs)        000F9E
_PIR2bits                                         (abs)        000FA1
_Print_RealTimeClockDS1307                        text12       0011D2
_RCONbits                                         (abs)        000FD0
_RCREG                                            (abs)        000FAE
_RCSTA                                            (abs)        000FAB
_RCSTAbits                                        (abs)        000FAB
_RealTimeClockDS1307                              bssCOMRAM    000001
_RealTimeClockDS1307@RealTimeClockDS1307$F63      bssCOMRAM    000007
_RealTimeClockDS1307_Get_Date_Time                text11       001608
_RealTimeClockDS1307_Pack                         bssCOMRAM    000013
_SPBRG                                            (abs)        000FAF
_SPBRGH                                           (abs)        000FB0
_SSPADD                                           (abs)        000FC8
_SSPBUF                                           (abs)        000FC9
_SSPCON1                                          (abs)        000FC6
_SSPCON1bits                                      (abs)        000FC6
_SSPCON2                                          (abs)        000FC5
_SSPCON2bits                                      (abs)        000FC5
_SSPSTAT                                          (abs)        000FC7
_SSPSTATbits                                      (abs)        000FC7
_SYSTEM_Initialize                                text2        001A90
_TABLAT                                           (abs)        000FF5
_TBLPTRH                                          (abs)        000FF7
_TBLPTRL                                          (abs)        000FF6
_TBLPTRU                                          (abs)        000FF8
_TC74_A7_TempValue                                bssCOMRAM    00000F
_TRISA                                            (abs)        000F92
_TRISB                                            (abs)        000F93
_TRISC                                            (abs)        000F94
_TRISD                                            (abs)        000F95
_TRISE                                            (abs)        000F96
_TXREG                                            (abs)        000FAD
_TXSTA                                            (abs)        000FAC
_TXSTAbits                                        (abs)        000FAC
_TempSensor_TC74_Read_Temp                        text1        001A00
_U4RecValue                                       bssCOMRAM    000011
_U5RecValue                                       bssCOMRAM    000010
_UART_LoggingDebugData_Send_String                text13       00173C
_WPUB                                             (abs)        000F7C
__HRAM                                            (abs)        000000
__H__absolute__                                   __absolute__ 000000
__Habs1                                           abs1         000000
__Hbank0                                          bank0        000000
__Hbank1                                          bank1        000000
__Hbank10                                         bank10       000000
__Hbank11                                         bank11       000000
__Hbank12                                         bank12       000000
__Hbank13                                         bank13       000000
__Hbank14                                         bank14       000000
__Hbank15                                         bank15       000000
__Hbank2                                          bank2        000000
__Hbank3                                          bank3        000000
__Hbank4                                          bank4        000000
__Hbank5                                          bank5        000000
__Hbank6                                          bank6        000000
__Hbank7                                          bank7        000000
__Hbank8                                          bank8        000000
__Hbank9                                          bank9        000000
__Hbigbss                                         bigbss       000000
__Hbigdata                                        bigdata      000000
__Hbigram                                         bigram       000000
__Hbigsfr                                         bigsfr       000000
__Hbss                                            bss          000000
__HbssBANK0                                       bssBANK0     000000
__HbssCOMRAM                                      bssCOMRAM    000000
__Hcinit                                          cinit        000000
__Hclrtext                                        clrtext      000000
__Hcomram                                         comram       000000
__Hconfig                                         config       30000E
__Hconst                                          const        000000
__HcstackBANK0                                    cstackBANK0  000000
__HcstackCOMRAM                                   cstackCOMRAM 000000
__Hdata                                           data         000000
__Heeprom_data                                    eeprom_data  000000
__Hfarbss                                         farbss       000000
__Hfardata                                        fardata      000000
__Hheap                                           heap         000000
__Hibigdata                                       ibigdata     000000
__Hidata                                          idata        000000
__Hidloc                                          idloc        200008
__Hifardata                                       ifardata     000000
__Hinit                                           init         0000BA
__Hintcode                                        intcode      0000B6
__Hintcode_body                                   intcode_body 000000
__Hintcodelo                                      intcodelo    0000B6
__Hintentry                                       intentry     000000
__Hintret                                         intret       000000
__Hintsave_regs                                   intsave_regs 000000
__Hirdata                                         irdata       000000
__Hmediumconst                                    mediumconst  000000
__HnvCOMRAM                                       nvCOMRAM     000000
__HnvFARRAM                                       nvFARRAM     000000
__Hnvbit                                          nvbit        000000
__Hnvrram                                         nvrram       000000
__Hparam                                          rparam       000000
__Hpowerup                                        powerup      0000B6
__Hram                                            ram          000000
__Hramtop                                         ramtop       001000
__Hrbit                                           rbit         000000
__Hrbss                                           rbss         000000
__Hrdata                                          rdata        000000
__Hreset_vec                                      reset_vec    000004
__Hrparam                                         rparam       000000
__Hsfr                                            sfr          000000
__Hsmallconst                                     smallconst   001040
__Hspace_0                                        (abs)        001BEE
__Hspace_1                                        (abs)        000098
__Hspace_2                                        (abs)        000000
__Hspace_4                                        (abs)        60000E
__Hstack                                          stack        000000
__Hstruct                                         struct       000000
__Htemp                                           temp         000047
__Htext                                           text         000000
__Htext0                                          text0        000000
__Htext1                                          text1        000000
__Htext10                                         text10       000000
__Htext11                                         text11       000000
__Htext12                                         text12       000000
__Htext13                                         text13       000000
__Htext14                                         text14       000000
__Htext15                                         text15       000000
__Htext16                                         text16       000000
__Htext17                                         text17       000000
__Htext18                                         text18       000000
__Htext19                                         text19       000000
__Htext2                                          text2        000000
__Htext20                                         text20       000000
__Htext21                                         text21       000000
__Htext22                                         text22       000000
__Htext23                                         text23       000000
__Htext24                                         text24       000000
__Htext25                                         text25       000000
__Htext26                                         text26       000000
__Htext27                                         text27       000000
__Htext28                                         text28       000000
__Htext29                                         text29       000000
__Htext3                                          text3        000000
__Htext30                                         text30       000000
__Htext31                                         text31       000000
__Htext32                                         text32       000000
__Htext33                                         text33       000000
__Htext35                                         text35       000000
__Htext36                                         text36       000000
__Htext37                                         text37       000000
__Htext38                                         text38       000000
__Htext39                                         text39       000000
__Htext4                                          text4        000000
__Htext40                                         text40       000000
__Htext41                                         text41       000000
__Htext42                                         text42       000000
__Htext43                                         text43       000000
__Htext44                                         text44       000000
__Htext45                                         text45       000000
__Htext46                                         text46       000000
__Htext47                                         text47       000000
__Htext48                                         text48       000000
__Htext49                                         text49       000000
__Htext5                                          text5        000000
__Htext50                                         text50       000000
__Htext51                                         text51       000000
__Htext52                                         text52       000000
__Htext53                                         text53       000000
__Htext54                                         text54       000000
__Htext55                                         text55       000000
__Htext56                                         text56       000000
__Htext57                                         text57       000000
__Htext58                                         text58       000000
__Htext59                                         text59       000000
__Htext6                                          text6        000000
__Htext60                                         text60       000000
__Htext61                                         text61       000000
__Htext62                                         text62       000000
__Htext63                                         text63       000000
__Htext64                                         text64       000000
__Htext65                                         text65       000000
__Htext66                                         text66       000000
__Htext67                                         text67       000000
__Htext68                                         text68       000000
__Htext69                                         text69       000000
__Htext7                                          text7        000000
__Htext70                                         text70       000000
__Htext71                                         text71       000000
__Htext72                                         text72       000000
__Htext73                                         text73       000000
__Htext8                                          text8        000000
__Htext9                                          text9        000000
__LRAM                                            (abs)        000001
__L__absolute__                                   __absolute__ 000000
__Labs1                                           abs1         000000
__Lbank0                                          bank0        000000
__Lbank1                                          bank1        000000
__Lbank10                                         bank10       000000
__Lbank11                                         bank11       000000
__Lbank12                                         bank12       000000
__Lbank13                                         bank13       000000
__Lbank14                                         bank14       000000
__Lbank15                                         bank15       000000
__Lbank2                                          bank2        000000
__Lbank3                                          bank3        000000
__Lbank4                                          bank4        000000
__Lbank5                                          bank5        000000
__Lbank6                                          bank6        000000
__Lbank7                                          bank7        000000
__Lbank8                                          bank8        000000
__Lbank9                                          bank9        000000
__Lbigbss                                         bigbss       000000
__Lbigdata                                        bigdata      000000
__Lbigram                                         bigram       000000
__Lbigsfr                                         bigsfr       000000
__Lbss                                            bss          000000
__LbssBANK0                                       bssBANK0     000000
__LbssCOMRAM                                      bssCOMRAM    000000
__Lcinit                                          cinit        000000
__Lclrtext                                        clrtext      000000
__Lcomram                                         comram       000000
__Lconfig                                         config       000000
__Lconst                                          const        000000
__LcstackBANK0                                    cstackBANK0  000000
__LcstackCOMRAM                                   cstackCOMRAM 000000
__Ldata                                           data         000000
__Leeprom_data                                    eeprom_data  000000
__Lfarbss                                         farbss       000000
__Lfardata                                        fardata      000000
__Lheap                                           heap         000000
__Libigdata                                       ibigdata     000000
__Lidata                                          idata        000000
__Lidloc                                          idloc        000000
__Lifardata                                       ifardata     000000
__Linit                                           init         0000B6
__Lintcode                                        intcode      000008
__Lintcode_body                                   intcode_body 000000
__Lintcodelo                                      intcodelo    0000B6
__Lintentry                                       intentry     000000
__Lintret                                         intret       000000
__Lintsave_regs                                   intsave_regs 000000
__Lirdata                                         irdata       000000
__Lmediumconst                                    mediumconst  000000
__LnvCOMRAM                                       nvCOMRAM     000000
__LnvFARRAM                                       nvFARRAM     000000
__Lnvbit                                          nvbit        000000
__Lnvrram                                         nvrram       000000
__Lparam                                          rparam       000000
__Lpowerup                                        powerup      0000B6
__Lram                                            ram          000000
__Lramtop                                         ramtop       001000
__Lrbit                                           rbit         000000
__Lrbss                                           rbss         000000
__Lrdata                                          rdata        000000
__Lreset_vec                                      reset_vec    000000
__Lrparam                                         rparam       000000
__Lsfr                                            sfr          000000
__Lsmallconst                                     smallconst   001000
__Lspace_0                                        (abs)        000000
__Lspace_1                                        (abs)        000000
__Lspace_2                                        (abs)        000000
__Lspace_4                                        (abs)        000000
__Lstack                                          stack        000000
__Lstruct                                         struct       000000
__Ltemp                                           temp         000046
__Ltext                                           text         000000
__Ltext0                                          text0        000000
__Ltext1                                          text1        000000
__Ltext10                                         text10       000000
__Ltext11                                         text11       000000
__Ltext12                                         text12       000000
__Ltext13                                         text13       000000
__Ltext14                                         text14       000000
__Ltext15                                         text15       000000
__Ltext16                                         text16       000000
__Ltext17                                         text17       000000
__Ltext18                                         text18       000000
__Ltext19                                         text19       000000
__Ltext2                                          text2        000000
__Ltext20                                         text20       000000
__Ltext21                                         text21       000000
__Ltext22                                         text22       000000
__Ltext23                                         text23       000000
__Ltext24                                         text24       000000
__Ltext25                                         text25       000000
__Ltext26                                         text26       000000
__Ltext27                                         text27       000000
__Ltext28                                         text28       000000
__Ltext29                                         text29       000000
__Ltext3                                          text3        000000
__Ltext30                                         text30       000000
__Ltext31                                         text31       000000
__Ltext32                                         text32       000000
__Ltext33                                         text33       000000
__Ltext35                                         text35       000000
__Ltext36                                         text36       000000
__Ltext37                                         text37       000000
__Ltext38                                         text38       000000
__Ltext39                                         text39       000000
__Ltext4                                          text4        000000
__Ltext40                                         text40       000000
__Ltext41                                         text41       000000
__Ltext42                                         text42       000000
__Ltext43                                         text43       000000
__Ltext44                                         text44       000000
__Ltext45                                         text45       000000
__Ltext46                                         text46       000000
__Ltext47                                         text47       000000
__Ltext48                                         text48       000000
__Ltext49                                         text49       000000
__Ltext5                                          text5        000000
__Ltext50                                         text50       000000
__Ltext51                                         text51       000000
__Ltext52                                         text52       000000
__Ltext53                                         text53       000000
__Ltext54                                         text54       000000
__Ltext55                                         text55       000000
__Ltext56                                         text56       000000
__Ltext57                                         text57       000000
__Ltext58                                         text58       000000
__Ltext59                                         text59       000000
__Ltext6                                          text6        000000
__Ltext60                                         text60       000000
__Ltext61                                         text61       000000
__Ltext62                                         text62       000000
__Ltext63                                         text63       000000
__Ltext64                                         text64       000000
__Ltext65                                         text65       000000
__Ltext66                                         text66       000000
__Ltext67                                         text67       000000
__Ltext68                                         text68       000000
__Ltext69                                         text69       000000
__Ltext7                                          text7        000000
__Ltext70                                         text70       000000
__Ltext71                                         text71       000000
__Ltext72                                         text72       000000
__Ltext73                                         text73       000000
__Ltext8                                          text8        000000
__Ltext9                                          text9        000000
__S0                                              (abs)        001BEE
__S1                                              (abs)        000098
__S4                                              (abs)        000000
__S5                                              (abs)        000000
___heap_hi                                        (abs)        000000
___heap_lo                                        (abs)        000000
___inthi_sp                                       stack        000000
___inthi_stack_hi                                 stack        000000
___inthi_stack_lo                                 stack        000000
___intlo_sp                                       stack        000000
___intlo_stack_hi                                 stack        000000
___intlo_stack_lo                                 stack        000000
___param_bank                                     (abs)        000000
___rparam_used                                    (abs)        000001
___sp                                             stack        000000
___stack_hi                                       stack        000000
___stack_lo                                       stack        000000
__accesstop                                       (abs)        000060
__activetblptr                                    (abs)        000003
__end_of_EEPROM_24C02C_Read_Byte                  text17       001A48
__end_of_EEPROM_24C02C_Write_Byte                 text15       001ABC
__end_of_EUSART_Initialize                        text7        0017DE
__end_of_EUSART_SetErrorHandler                   text10       001B4E
__end_of_EUSART_SetFramingErrorHandler            text9        001B44
__end_of_EUSART_SetOverrunErrorHandler            text8        001B3A
__end_of_EUSART_Write                             text14       001A30
__end_of_I2C_CallbackReturnReset                  text61       001BE2
__end_of_I2C_CallbackReturnStop                   text62       001BE6
__end_of_I2C_Close                                text30       0018C4
__end_of_I2C_DO_ADDRESS_NACK                      text38       0016D6
__end_of_I2C_DO_IDLE                              text52       001B26
__end_of_I2C_DO_RCEN                              text47       001B1A
__end_of_I2C_DO_RESET                             text39       001B0E
__end_of_I2C_DO_RX                                text48       001320
__end_of_I2C_DO_RX_ACK                            text42       001B80
__end_of_I2C_DO_RX_NACK_RESTART                   text40       001B70
__end_of_I2C_DO_RX_NACK_STOP                      text41       001B78
__end_of_I2C_DO_SEND_ADR_READ                     text51       001AF4
__end_of_I2C_DO_SEND_ADR_WRITE                    text50       001B02
__end_of_I2C_DO_SEND_RESTART                      text44       001B90
__end_of_I2C_DO_SEND_RESTART_READ                 text46       001BA0
__end_of_I2C_DO_SEND_RESTART_WRITE                text45       001B98
__end_of_I2C_DO_SEND_STOP                         text43       001B88
__end_of_I2C_DO_TX                                text49       0011D2
__end_of_I2C_DO_TX_EMPTY                          text53       0014BC
__end_of_I2C_Initialize                           text6        001AD0
__end_of_I2C_MasterClearIrq                       text33       001BCE
__end_of_I2C_MasterClose                          text32       001BCA
__end_of_I2C_MasterDisableIrq                     text31       001BC6
__end_of_I2C_MasterEnableIrq                      text26       001BBE
__end_of_I2C_MasterEnableRestart                  text72       001BEE
__end_of_I2C_MasterFsm                            text36       00159E
__end_of_I2C_MasterGetRxData                      text58       001BDA
__end_of_I2C_MasterIsNack                         text55       001AE4
__end_of_I2C_MasterIsr                            text35       001BAE
__end_of_I2C_MasterOpen                           text25       001A00
__end_of_I2C_MasterOperation                      text28       001822
__end_of_I2C_MasterSendAck                        text57       001BB4
__end_of_I2C_MasterSendNack                       text59       001BBA
__end_of_I2C_MasterSendTxData                     text56       001BA8
__end_of_I2C_MasterSetIrq                         text54       001BD6
__end_of_I2C_MasterStart                          text29       001BC2
__end_of_I2C_MasterStartRx                        text60       001BDE
__end_of_I2C_MasterStop                           text71       001BEA
__end_of_I2C_MasterWrite                          text27       001B68
__end_of_I2C_Open                                 text23       0013C2
__end_of_I2C_Read1ByteRegister                    text18       001440
__end_of_I2C_SetAddressNackCallback               text21       001A78
__end_of_I2C_SetBuffer                            text20       001998
__end_of_I2C_SetCallback                          text22       001608
__end_of_I2C_SetDataCompleteCallback              text19       001A60
__end_of_I2C_SetInterruptHandler                  text24       001B58
__end_of_I2C_Write1ByteRegister                   text16       001530
__end_of_INTERRUPT_Initialize                     text5        001B60
__end_of_INTERRUPT_InterruptManagerHigh           intcode      0000B6
__end_of_OSCILLATOR_Initialize                    text4        001B30
__end_of_PIN_MANAGER_Initialize                   text3        001896
__end_of_Print_RealTimeClockDS1307                text12       00127A
__end_of_RealTimeClockDS1307_Get_Date_Time        text11       001670
__end_of_SYSTEM_Initialize                        text2        001AA6
__end_of_TempSensor_TC74_Read_Temp                text1        001A18
__end_of_UART_LoggingDebugData_Send_String        text13       00179A
__end_of__initialization                          cinit        0019D4
__end_of_i2c_fsmStateTable                        smallconst   001021
__end_of_main                                     text0        00110E
__end_of_rd1RegCompleteHandler                    text66       001948
__end_of_rd2RegCompleteHandler                    text65       00191C
__end_of_rdBlkRegCompleteHandler                  text63       001864
__end_of_wr1RegCompleteHandler                    text64       0018F0
__end_of_wr2RegCompleteHandler                    text67       001974
__end_ofi2_I2C_MasterClearIrq                     text37       001BD2
__end_ofi2_I2C_SetBuffer                          text70       0019BC
__end_ofi2_I2C_SetCallback                        text69       00173C
__end_ofi2_I2C_SetDataCompleteCallback            text68       001A90
__initialization                                  cinit        0019BC
__mediumconst                                     mediumconst  000000
__pbssBANK0                                       bssBANK0     000060
__pbssCOMRAM                                      bssCOMRAM    000001
__pcinit                                          cinit        0019BC
__pcstackBANK0                                    cstackBANK0  000084
__pcstackCOMRAM                                   cstackCOMRAM 000025
__pintcode                                        intcode      000008
__pnvCOMRAM                                       nvCOMRAM     000040
__psmallconst                                     smallconst   001000
__ptext0                                          text0        001040
__ptext1                                          text1        001A00
__ptext10                                         text10       001B44
__ptext11                                         text11       001608
__ptext12                                         text12       0011D2
__ptext13                                         text13       00173C
__ptext14                                         text14       001A18
__ptext15                                         text15       001AA6
__ptext16                                         text16       0014BC
__ptext17                                         text17       001A30
__ptext18                                         text18       0013C2
__ptext19                                         text19       001A48
__ptext2                                          text2        001A90
__ptext20                                         text20       001974
__ptext21                                         text21       001A60
__ptext22                                         text22       00159E
__ptext23                                         text23       001320
__ptext24                                         text24       001B4E
__ptext25                                         text25       0019DE
__ptext26                                         text26       001BBA
__ptext27                                         text27       001B60
__ptext28                                         text28       0017DE
__ptext29                                         text29       001BBE
__ptext3                                          text3        001864
__ptext30                                         text30       001896
__ptext31                                         text31       001BC2
__ptext32                                         text32       001BC6
__ptext33                                         text33       001BCA
__ptext35                                         text35       001BA8
__ptext36                                         text36       001530
__ptext37                                         text37       001BCE
__ptext38                                         text38       001670
__ptext39                                         text39       001B02
__ptext4                                          text4        001B26
__ptext40                                         text40       001B68
__ptext41                                         text41       001B70
__ptext42                                         text42       001B78
__ptext43                                         text43       001B80
__ptext44                                         text44       001B88
__ptext45                                         text45       001B90
__ptext46                                         text46       001B98
__ptext47                                         text47       001B0E
__ptext48                                         text48       00127A
__ptext49                                         text49       00110E
__ptext5                                          text5        001B58
__ptext50                                         text50       001AF4
__ptext51                                         text51       001AE4
__ptext52                                         text52       001B1A
__ptext53                                         text53       001440
__ptext54                                         text54       001BD2
__ptext55                                         text55       001AD0
__ptext56                                         text56       001BA0
__ptext57                                         text57       001BAE
__ptext58                                         text58       001BD6
__ptext59                                         text59       001BB4
__ptext6                                          text6        001ABC
__ptext60                                         text60       001BDA
__ptext61                                         text61       001BDE
__ptext62                                         text62       001BE2
__ptext63                                         text63       001822
__ptext64                                         text64       0018C4
__ptext65                                         text65       0018F0
__ptext66                                         text66       00191C
__ptext67                                         text67       001948
__ptext68                                         text68       001A78
__ptext69                                         text69       0016D6
__ptext7                                          text7        00179A
__ptext70                                         text70       001998
__ptext71                                         text71       001BE6
__ptext72                                         text72       001BEA
__ptext73                                         text73       000000
__ptext8                                          text8        001B30
__ptext9                                          text9        001B3A
__ramtop                                          ramtop       001000
__smallconst                                      smallconst   001000
_eusartRxLastError                                bssCOMRAM    000012
_i2c_fsmStateTable                                smallconst   001001
_main                                             text0        001040
_rd1RegCompleteHandler                            text66       00191C
_rd2RegCompleteHandler                            text65       0018F0
_rdBlkRegCompleteHandler                          text63       001822
_wr1RegCompleteHandler                            text64       0018C4
_wr2RegCompleteHandler                            text67       001948
btemp                                             temp         000046
end_of_initialization                             cinit        0019D4
i2I2C_SetBuffer@buffer                            cstackCOMRAM 000025
i2I2C_SetBuffer@bufferSize                        cstackCOMRAM 000027
i2I2C_SetCallback@cb                              cstackCOMRAM 000025
i2I2C_SetCallback@idx                             cstackCOMRAM 000029
i2I2C_SetCallback@ptr                             cstackCOMRAM 000027
i2I2C_SetDataCompleteCallback@cb                  cstackCOMRAM 00002A
i2I2C_SetDataCompleteCallback@ptr                 cstackCOMRAM 00002C
i2_I2C_MasterClearIrq                             text37       001BCE
i2_I2C_SetBuffer                                  text70       001998
i2_I2C_SetCallback                                text69       0016D6
i2_I2C_SetDataCompleteCallback                    text68       001A78
int$flags                                         temp         000046
intlevel0                                         text         000000
intlevel1                                         text         000000
intlevel2                                         text         000000
intlevel3                                         text         000000
isa$std                                           (abs)        000001
isa$xinst                                         (abs)        000000
rd1RegCompleteHandler@ptr                         cstackCOMRAM 00002E
rd2RegCompleteHandler@ptr                         cstackCOMRAM 00002E
rdBlkRegCompleteHandler@ptr                       cstackCOMRAM 00002E
stackhi                                           (abs)        000000
stacklo                                           (abs)        000000
start                                             init         0000B6
start_initialization                              cinit        0019BC
ttemp5                                            temp         000047
ttemp6                                            temp         00004A
ttemp7                                            temp         00004E
wr1RegCompleteHandler@ptr                         cstackCOMRAM 00002E
wr2RegCompleteHandler@ptr                         cstackCOMRAM 00002E
wtemp8                                            temp         000047


MODULE INFORMATION

Module		Function		Class		Link	Load	Size
AECUL_Modules/TemSensor_TC74/TemSensor_TC74.c
		_TempSensor_TC74_Read_Temp		CODE           	1A00	0000	24

AECUL_Modules/TemSensor_TC74/TemSensor_TC74.c estimated size: 24

mcc_generated_files/interrupt_manager.c
		_INTERRUPT_Initialize		CODE           	1B58	0000	8
		_INTERRUPT_InterruptManagerHigh		CODE           	0008	0000	174

mcc_generated_files/interrupt_manager.c estimated size: 182

mcc_generated_files/examples/i2c_master_example.c
		_wr1RegCompleteHandler		CODE           	18C4	0000	44
		_wr2RegCompleteHandler		CODE           	1948	0000	44
		_I2C_Write1ByteRegister		CODE           	14BC	0000	116
		_I2C_Read1ByteRegister		CODE           	13C2	0000	126
		_rdBlkRegCompleteHandler		CODE           	1822	0000	66
		_rd1RegCompleteHandler		CODE           	191C	0000	44
		_rd2RegCompleteHandler		CODE           	18F0	0000	44

mcc_generated_files/examples/i2c_master_example.c estimated size: 484

mcc_generated_files/pin_manager.c
		_PIN_MANAGER_Initialize		CODE           	1864	0000	50

mcc_generated_files/pin_manager.c estimated size: 50

AECUL_Modules/EEPROM_24C02C/EEPROM_24C02C.c
		_EEPROM_24C02C_Write_Byte		CODE           	1AA6	0000	22
		_EEPROM_24C02C_Read_Byte		CODE           	1A30	0000	24

AECUL_Modules/EEPROM_24C02C/EEPROM_24C02C.c estimated size: 46

shared
		i2_I2C_SetBuffer		CODE           	1998	0000	36
		__initialization		CODE           	19BC	0000	24
		i2_I2C_SetCallback		CODE           	16D6	0000	102
		i2_I2C_SetDataCompleteCallback		CODE           	1A78	0000	24
		i2_I2C_MasterClearIrq		CODE           	1BCE	0000	4
		_i2c_fsmStateTable		SMALLCONST     	1001	0000	32

shared estimated size: 222

mcc_generated_files/mcc.c
		_OSCILLATOR_Initialize		CODE           	1B26	0000	10
		_SYSTEM_Initialize		CODE           	1A90	0000	22

mcc_generated_files/mcc.c estimated size: 32

AECUL_Modules/RealTimeClockDS1307/RealTimeClockDS1307.c
		_Print_RealTimeClockDS1307		CODE           	11D2	0000	168
		_RealTimeClockDS1307_Get_Date_Time		CODE           	1608	0000	104

AECUL_Modules/RealTimeClockDS1307/RealTimeClockDS1307.c estimated size: 272

AECUL_Modules/UART_LoggingDebugData/UART_LoggingDebugData.c
		_UART_LoggingDebugData_Send_String		CODE           	173C	0000	94

AECUL_Modules/UART_LoggingDebugData/UART_LoggingDebugData.c estimated size: 94

mcc_generated_files/i2c_master.c
		_I2C_Close     		CODE           	1896	0000	46
		_I2C_MasterStartRx		CODE           	1BDA	0000	4
		_I2C_DO_SEND_ADR_WRITE		CODE           	1AF4	0000	14
		_I2C_DO_SEND_STOP		CODE           	1B80	0000	8
		_I2C_MasterSendNack		CODE           	1BB4	0000	6
		_I2C_MasterDisableIrq		CODE           	1BC2	0000	4
		_I2C_CallbackReturnStop		CODE           	1BE2	0000	4
		_I2C_MasterOperation		CODE           	17DE	0000	68
		_I2C_DO_SEND_ADR_READ		CODE           	1AE4	0000	16
		_I2C_DO_RX_NACK_STOP		CODE           	1B70	0000	8
		_I2C_DO_SEND_RESTART		CODE           	1B88	0000	8
		_I2C_DO_RX     		CODE           	127A	0000	166
		_I2C_DO_TX     		CODE           	110E	0000	196
		_I2C_DO_IDLE   		CODE           	1B1A	0000	12
		_I2C_DO_RCEN   		CODE           	1B0E	0000	12
		_I2C_DO_RESET  		CODE           	1B02	0000	12
		_I2C_MasterClose		CODE           	1BC6	0000	4
		_I2C_MasterWrite		CODE           	1B60	0000	8
		_I2C_DO_RX_ACK 		CODE           	1B78	0000	8
		_I2C_MasterStart		CODE           	1BBE	0000	4
		_I2C_MasterClearIrq		CODE           	1BCA	0000	4
		_I2C_MasterGetRxData		CODE           	1BD6	0000	4
		_I2C_SetCallback		CODE           	159E	0000	106
		_I2C_DO_ADDRESS_NACK		CODE           	1670	0000	102
		_I2C_MasterEnableRestart		CODE           	1BEA	0000	4
		_I2C_CallbackReturnReset		CODE           	1BDE	0000	4
		_I2C_Open      		CODE           	1320	0000	162
		_I2C_SetAddressNackCallback		CODE           	1A60	0000	24
		_I2C_DO_TX_EMPTY		CODE           	1440	0000	124
		_I2C_DO_SEND_RESTART_WRITE		CODE           	1B90	0000	8
		_I2C_MasterIsNack		CODE           	1AD0	0000	20
		_I2C_SetDataCompleteCallback		CODE           	1A48	0000	24
		_I2C_DO_RX_NACK_RESTART		CODE           	1B68	0000	8
		_I2C_MasterSendAck		CODE           	1BAE	0000	6
		_I2C_MasterFsm 		CODE           	1530	0000	110
		_I2C_MasterIsr 		CODE           	1BA8	0000	6
		_I2C_MasterSetIrq		CODE           	1BD2	0000	4
		_I2C_DO_SEND_RESTART_READ		CODE           	1B98	0000	8
		_I2C_MasterEnableIrq		CODE           	1BBA	0000	4
		_I2C_Initialize		CODE           	1ABC	0000	20
		_I2C_SetBuffer 		CODE           	1974	0000	36
		_I2C_SetInterruptHandler		CODE           	1B4E	0000	10
		_I2C_MasterOpen		CODE           	19DE	0000	34
		_I2C_MasterSendTxData		CODE           	1BA0	0000	8
		_I2C_MasterStop		CODE           	1BE6	0000	4

mcc_generated_files/i2c_master.c estimated size: 1452

mcc_generated_files/eusart.c
		_EUSART_Write  		CODE           	1A18	0000	24
		_EUSART_Initialize		CODE           	179A	0000	68
		_EUSART_SetFramingErrorHandler		CODE           	1B3A	0000	10
		_EUSART_SetErrorHandler		CODE           	1B44	0000	10
		_EUSART_SetOverrunErrorHandler		CODE           	1B30	0000	10

mcc_generated_files/eusart.c estimated size: 122

main.c
		_main          		CODE           	1040	0000	206

main.c estimated size: 206

